// Jest Snapshot v1, https://goo.gl/fbAQLP

exports[`<TvShowInfoWrapper /> renders snapshots 1`] = `
<WithStyles(ForwardRef(Grid))
  container={true}
  spacing={4}
>
  <WithStyles(ForwardRef(Grid))
    item={true}
    md={3}
    sm={6}
    xs={6}
  >
    <WithStyles(ForwardRef(Typography))
      component="div"
      variant="h3"
    >
      <Styled(MuiBox)
        fontWeight="fontWeightMedium"
      >
        Genres:
      </Styled(MuiBox)>
    </WithStyles(ForwardRef(Typography))>
    <WithStyles(ForwardRef(Typography))
      color="textSecondary"
      component="p"
      variant="body2"
    >
      Comedy
    </WithStyles(ForwardRef(Typography))>
  </WithStyles(ForwardRef(Grid))>
  <WithStyles(ForwardRef(Grid))
    item={true}
    md={3}
    sm={6}
    xs={6}
  >
    <WithStyles(ForwardRef(Typography))
      component="div"
      variant="h3"
    >
      <Styled(MuiBox)
        fontWeight="fontWeightMedium"
      >
        Type:
      </Styled(MuiBox)>
    </WithStyles(ForwardRef(Typography))>
    <WithStyles(ForwardRef(Typography))
      color="textSecondary"
      component="p"
      variant="body2"
    >
      Scripted
    </WithStyles(ForwardRef(Typography))>
  </WithStyles(ForwardRef(Grid))>
  <WithStyles(ForwardRef(Grid))
    item={true}
    md={3}
    sm={6}
    xs={6}
  >
    <WithStyles(ForwardRef(Typography))
      component="div"
      variant="h3"
    >
      <Styled(MuiBox)
        fontWeight="fontWeightMedium"
      >
        Language:
      </Styled(MuiBox)>
    </WithStyles(ForwardRef(Typography))>
    <WithStyles(ForwardRef(Typography))
      color="textSecondary"
      component="p"
      variant="body2"
    >
      English
    </WithStyles(ForwardRef(Typography))>
  </WithStyles(ForwardRef(Grid))>
  <WithStyles(ForwardRef(Grid))
    item={true}
    md={3}
    sm={6}
    xs={6}
  >
    <WithStyles(ForwardRef(Typography))
      component="div"
      variant="h3"
    >
      <Styled(MuiBox)
        fontWeight="fontWeightMedium"
      >
        Status:
      </Styled(MuiBox)>
    </WithStyles(ForwardRef(Typography))>
    <WithStyles(ForwardRef(Typography))
      color="textSecondary"
      component="p"
      variant="body2"
    >
      Ended
    </WithStyles(ForwardRef(Typography))>
  </WithStyles(ForwardRef(Grid))>
</WithStyles(ForwardRef(Grid))>
`;
